// Jest Snapshot v1, https://goo.gl/fbAQLP

exports[`<PostGrid /> should match snapshot 1`] = `
.c0 {
  width: 100%;
  margin-left: 0.5rem;
}

.c3 {
  margin: 0 auto;
  max-width: 120rem;
  display: grid;
  grid-template-columns: repeat(auto-fill,minmax(280px,1fr));
  gap: 3.2rem;
  padding: 2.4rem;
}

.c1 {
  margin-left: calc(3.2rem - 0.2rem);
}

.c2 {
  width: 25rem;
  border: 0;
  border-bottom: 2px solid #000000;
  outline: none;
  -webkit-transition: 0.2s ease-in-out;
  transition: 0.2s ease-in-out;
  box-sizing: border-box;
  padding: 0.3rem 0.7rem;
  font-size: 1.6rem;
}

.c7 {
  color: #000000;
  line-height: 1.2;
  font-size: 2.4rem;
  text-transform: none;
}

.c4 .c6 {
  margin: 0;
  margin-top: calc(1.6rem - 0.6rem);
  margin-bottom: 1.6rem;
}

.c4 a {
  -webkit-text-decoration: none;
  text-decoration: none;
  color: inherit;
  -webkit-transition: all 300ms ease-in-out;
  transition: all 300ms ease-in-out;
}

.c4:hover a {
  color: #dc143c;
  -webkit-filter: brightness(70%);
  filter: brightness(70%);
}

.c4:hover img {
  -webkit-filter: blur(1px) brightness(100%);
  filter: blur(1px) brightness(100%);
}

.c5 {
  max-width: 100%;
  -webkit-transition: opacity 300ms ease-in-out;
  transition: opacity 300ms ease-in-out;
}

@media (max-width:768px) {
  .c0 {
    margin-left: 0;
  }
}

@media (max-width:360px) {
  .c3 {
    grid-template-columns: 1fr;
    padding: 1.6rem;
  }
}

<div
  class="c0"
>
  <form
    action="/search/"
    method="GET"
  >
    <div
      class="c1"
    >
      <input
        class="c2"
        name="q"
        placeholder="Pesquise"
        type="search"
        value=""
      />
    </div>
  </form>
  <div
    class="c3"
  >
    <div
      class="c4"
    >
      <a
        href="/post/qualquer-coisa"
      >
        <img
          alt="Qualquer Coisa"
          class="c5"
          src="https://res.cloudinary.com/djve6xgfe/image/upload/v1627833918/na_14eb8ec6d4.jpg"
        />
      </a>
      <h2
        class="c6 c7"
      >
        <a
          href="/post/qualquer-coisa"
        >
          Qualquer Coisa
        </a>
      </h2>
      <p
        class="styles__Excerpt-sc-1seqxjg-2"
      >
        Lorem ipsum dolor sit amet, consectetur adipiscing elit. Nulla non pharetra est, a egestas tellus. Quisque lorem ipsum, lobortis quis ex posuere, ornare placerat tortor. Nulla ultrices eu tortor quis tincidunt.
      </p>
    </div>
    <div
      class="c4"
    >
      <a
        href="/post/qualquer-coisa"
      >
        <img
          alt="Qualquer Coisa"
          class="c5"
          src="https://res.cloudinary.com/djve6xgfe/image/upload/v1627833918/na_14eb8ec6d4.jpg"
        />
      </a>
      <h2
        class="c6 c7"
      >
        <a
          href="/post/qualquer-coisa"
        >
          Qualquer Coisa
        </a>
      </h2>
      <p
        class="styles__Excerpt-sc-1seqxjg-2"
      >
        Lorem ipsum dolor sit amet, consectetur adipiscing elit. Nulla non pharetra est, a egestas tellus. Quisque lorem ipsum, lobortis quis ex posuere, ornare placerat tortor. Nulla ultrices eu tortor quis tincidunt.
      </p>
    </div>
    <div
      class="c4"
    >
      <a
        href="/post/qualquer-coisa"
      >
        <img
          alt="Qualquer Coisa"
          class="c5"
          src="https://res.cloudinary.com/djve6xgfe/image/upload/v1627833918/na_14eb8ec6d4.jpg"
        />
      </a>
      <h2
        class="c6 c7"
      >
        <a
          href="/post/qualquer-coisa"
        >
          Qualquer Coisa
        </a>
      </h2>
      <p
        class="styles__Excerpt-sc-1seqxjg-2"
      >
        Lorem ipsum dolor sit amet, consectetur adipiscing elit. Nulla non pharetra est, a egestas tellus. Quisque lorem ipsum, lobortis quis ex posuere, ornare placerat tortor. Nulla ultrices eu tortor quis tincidunt.
      </p>
    </div>
    <div
      class="c4"
    >
      <a
        href="/post/qualquer-coisa"
      >
        <img
          alt="Qualquer Coisa"
          class="c5"
          src="https://res.cloudinary.com/djve6xgfe/image/upload/v1627833918/na_14eb8ec6d4.jpg"
        />
      </a>
      <h2
        class="c6 c7"
      >
        <a
          href="/post/qualquer-coisa"
        >
          Qualquer Coisa
        </a>
      </h2>
      <p
        class="styles__Excerpt-sc-1seqxjg-2"
      >
        Lorem ipsum dolor sit amet, consectetur adipiscing elit. Nulla non pharetra est, a egestas tellus. Quisque lorem ipsum, lobortis quis ex posuere, ornare placerat tortor. Nulla ultrices eu tortor quis tincidunt.
      </p>
    </div>
  </div>
</div>
`;
